// Jest Snapshot v1, https://goo.gl/fbAQLP

exports[`The App component renders correctly 1`] = `
Array [
  <header>
    <h1>
      Math Magicians
    </h1>
    <nav>
      <a
        href="#/"
        onClick={[Function]}
      >
        Home
      </a>
      <a
        href="#/calculator"
        onClick={[Function]}
      >
        Calculator
      </a>
      <a
        href="#/quote"
        onClick={[Function]}
      >
        Quote
      </a>
    </nav>
  </header>,
  <main>
    <div
      className="home-main"
    >
      <h2>
        Welcome to our page!
      </h2>
      <p>
        Ea amet enim minim Lorem exercitation incididunt. Mollit consequat deserunt amet enim labore enim cupidatat irure nulla nisi. Commodo esse in exercitation id aliquip commodo sit cupidatat ullamco enim nisi voluptate eiusmod cillum. Qui sunt ex fugiat id quis cupidatat elit tempor. Non sit amet enim sint ullamco officia culpa Lorem magna culpa nostrud.
      </p>
      <p>
        Est ipsum deserunt amet quis do quis incididunt consectetur aliqua ea dolor exercitation. Duis sint aliquip velit quis. Adipisicing elit aliquip ipsum officia do tempor irure mollit amet anim labore.
      </p>
    </div>
  </main>,
]
`;
